
> react-typescript-starter@0.1.0 test
> react-scripts test --coverage

PASS src/App.test.tsx
  ✓ renders the course name somewhere (33 ms)

----------------------|---------|----------|---------|---------|-------------------
File                  | % Stmts | % Branch | % Funcs | % Lines | Uncovered Line #s 
----------------------|---------|----------|---------|---------|-------------------
All files             |    1.14 |        0 |    3.57 |    1.14 |                   
 src                  |    1.14 |        0 |    3.57 |    1.14 |                   
  App.tsx             |     100 |      100 |     100 |     100 |                   
  BankRectangle.tsx   |       0 |        0 |       0 |       0 | 13-26             
  BoardSquare.tsx     |       0 |        0 |       0 |       0 | 13-26             
  Dropper.tsx         |       0 |        0 |       0 |       0 | 9-96              
  Overlay.tsx         |       0 |      100 |       0 |       0 | 7-8               
  Pic.tsx             |       0 |        0 |       0 |       0 | 10-26             
  RandomizeButton.tsx |       0 |      100 |       0 |       0 | 4                 
  Rectangle.tsx       |       0 |        0 |       0 |       0 | 7-11              
  Square.tsx          |       0 |        0 |       0 |       0 | 7-11              
  constants.ts        |       0 |      100 |     100 |       0 | 1                 
  game.ts             |       0 |        0 |       0 |       0 | 1-29              
 src/interfaces       |       0 |        0 |       0 |       0 |                   
  piece.ts            |       0 |        0 |       0 |       0 |                   
----------------------|---------|----------|---------|---------|-------------------
Test Suites: 1 passed, 1 total
Tests:       1 passed, 1 total
Snapshots:   0 total
Time:        1.99 s
Ran all test suites.
